2025-09-16 07:31:00 | DEBUG | repo=pv243-a4m36jee-2016-web-seminar-autumn | action=commit
2025-07-22 12:45:00 | DEBUG | repo=pv243-a4m36jee-2016-web-seminar-autumn | action=commit
2025-08-15 16:38:00 | INFO | repo=pv243-a4m36jee-2016-web-seminar-autumn | action=test | passed=true
2025-08-13 07:22:00 | DEBUG | repo=pv243-a4m36jee-2016-web-seminar-autumn | action=commit
2025-02-07 10:05:00 | WARN | repo=pv243-a4m36jee-2016-web-seminar-autumn | action=edit | files=4
2025-11-27 16:40:00 | DEBUG | repo=pv243-a4m36jee-2016-web-seminar-autumn | action=commit
2025-06-03 12:58:00 | DEBUG | repo=pv243-a4m36jee-2016-web-seminar-autumn | action=commit
2025-06-16 15:47:00 | DEBUG | repo=pv243-a4m36jee-2016-web-seminar-autumn | action=edit | files=2
2025-05-23 11:49:00 | INFO | repo=pv243-a4m36jee-2016-web-seminar-autumn | action=commit
2025-12-09 20:59:00 | WARN | repo=pv243-a4m36jee-2016-web-seminar-autumn | action=commit
2025-12-08 12:47:00 | WARN | repo=pv243-a4m36jee-2016-web-seminar-autumn | action=edit | files=5
2025-04-02 10:46:00 | DEBUG | repo=pv243-a4m36jee-2016-web-seminar-autumn | action=commit
2025-05-04 07:18:00 | INFO | repo=pv243-a4m36jee-2016-web-seminar-autumn | action=test | passed=true
2025-11-02 11:16:00 | INFO | repo=pv243-a4m36jee-2016-web-seminar-autumn | action=pull
2025-03-02 11:54:00 | DEBUG | repo=pv243-a4m36jee-2016-web-seminar-autumn | action=commit
2025-01-03 08:42:00 | DEBUG | repo=pv243-a4m36jee-2016-web-seminar-autumn | action=pull
2025-01-11 07:11:00 | INFO | repo=pv243-a4m36jee-2016-web-seminar-autumn | action=commit
2025-05-04 16:59:00 | DEBUG | repo=pv243-a4m36jee-2016-web-seminar-autumn | action=commit
2025-08-13 18:55:00 | WARN | repo=pv243-a4m36jee-2016-web-seminar-autumn | action=edit | files=1
2025-04-13 21:25:00 | DEBUG | repo=pv243-a4m36jee-2016-web-seminar-autumn | action=commit
2025-10-14 21:08:00 | INFO | repo=pv243-a4m36jee-2016-web-seminar-autumn | action=pull
2025-04-04 15:38:00 | INFO | repo=pv243-a4m36jee-2016-web-seminar-autumn | action=pull
2025-01-03 07:47:00 | INFO | repo=pv243-a4m36jee-2016-web-seminar-autumn | action=commit
